Note: --scaffold runs each case's scaffold_script as you. Only use it on case files you (or your org) authored.
Plugin under test: "genjutsu" version "4.1.0" at "/private/tmp/genjutsu-eval-ex"
  scaffold: /private/tmp/genjutsu-eval-ex/examples/etale-landing/fixture.sh
  kept temp: /private/tmp/e-ybGOkd
⚠ kept /private/tmp/e-ybGOkd: home/ and tmp/ in it were written by the plugin under test and are sealed in /private/tmp/e-ybGOkd/sealed (mode 000; the kept directory is read-only) — open them with `chmod 700 /private/tmp/e-ybGOkd /private/tmp/e-ybGOkd/sealed` to inspect, and do not run git (or anything that loads configuration from its working directory) anywhere inside the kept directory
  etale-landing run 1/2: score 0.33  $2.74
    ✓ page-has-content (weight 1): matched <(main|section)(\s[^>]*[^/])?>|^import\s
    ✗ paint-fired (weight 1): Skill called 0x (expected 1..∞)
    ✗ paint-loaded (weight 1): pattern not found in trace
  scaffold: /private/tmp/genjutsu-eval-ex/examples/etale-landing/fixture.sh
  kept temp: /private/tmp/e-elnz6V
⚠ kept /private/tmp/e-elnz6V: home/ and tmp/ in it were written by the plugin under test and are sealed in /private/tmp/e-elnz6V/sealed (mode 000; the kept directory is read-only) — open them with `chmod 700 /private/tmp/e-elnz6V /private/tmp/e-elnz6V/sealed` to inspect, and do not run git (or anything that loads configuration from its working directory) anywhere inside the kept directory
  etale-landing run 2/2: score 0.33  $2.87
    ✓ page-has-content (weight 1): matched <(main|section)(\s[^>]*[^/])?>|^import\s
    ✗ paint-fired (weight 1): Skill called 0x (expected 1..∞)
    ✗ paint-loaded (weight 1): pattern not found in trace
✗ etale-landing  score 0.33  (2 runs)  $5.61

CASE           SCORE PASS% RUNS COST    NOTES
etale-landing  0.33  0%    2    $5.61   paint-fired: Skill called 0x (expected 1..∞)

1 case(s) · 1050s · $5.61
Report: etale-landing/runs/20261004T162451Z/report.html
